parsecmd.o: In function `error_exit':
/home/brandon/SpringOSU15/OS/small-shell/error.h:15: multiple definition of `error_exit'
smallsh.o:/home/brandon/SpringOSU15/OS/small-shell/error.h:15: first defined here
prepare.o: In function `error_exit':
/home/brandon/SpringOSU15/OS/small-shell/error.h:15: multiple definition of `error_exit'
smallsh.o:/home/brandon/SpringOSU15/OS/small-shell/error.h:15: first defined here
error.o: In function `error_exit':
/home/brandon/SpringOSU15/OS/small-shell/error.c:15: multiple definition of `error_exit'
smallsh.o:/home/brandon/SpringOSU15/OS/small-shell/error.h:15: first defined here
collect2: error: ld returned 1 exit status
make: *** [small] Error 1
